============================= test session starts =============================
platform win32 -- Python 3.12.3, pytest-9.0.2, pluggy-1.6.0 -- C:\Python312\python.exe
cachedir: .pytest_cache
rootdir: D:\iqbal\github projects\AI Evaluation & Benchmarking Platform\backend
plugins: anyio-4.6.0
collecting ... collected 9 items

tests/test_api.py::test_create_system PASSED                             [ 11%]
tests/test_api.py::test_list_systems PASSED                              [ 22%]
tests/test_api.py::test_create_dataset PASSED                            [ 33%]
tests/test_api.py::test_add_dataset_items_batch PASSED                   [ 44%]
tests/test_api.py::test_trigger_evaluation PASSED                        [ 55%]
tests/test_api.py::test_list_runs PASSED                                 [ 66%]
tests/test_api.py::test_get_stats PASSED                                 [ 77%]
tests/test_api.py::test_create_experiment PASSED                         [ 88%]
tests/test_api.py::test_list_experiments PASSED                          [100%]

============================== warnings summary ===============================
C:\Python312\Lib\site-packages\starlette\formparsers.py:12
  C:\Python312\Lib\site-packages\starlette\formparsers.py:12: PendingDeprecationWarning: Please use `import python_multipart` instead.
    import multipart

C:\Python312\Lib\site-packages\pydantic\_internal\_fields.py:132
  C:\Python312\Lib\site-packages\pydantic\_internal\_fields.py:132: UserWarning: Field "model_type" in AISystemCreate has conflict with protected namespace "model_".
  
  You may be able to resolve this warning by setting `model_config['protected_namespaces'] = ()`.
    warnings.warn(

C:\Python312\Lib\site-packages\pydantic\_internal\_config.py:291
C:\Python312\Lib\site-packages\pydantic\_internal\_config.py:291
C:\Python312\Lib\site-packages\pydantic\_internal\_config.py:291
C:\Python312\Lib\site-packages\pydantic\_internal\_config.py:291
C:\Python312\Lib\site-packages\pydantic\_internal\_config.py:291
C:\Python312\Lib\site-packages\pydantic\_internal\_config.py:291
  C:\Python312\Lib\site-packages\pydantic\_internal\_config.py:291: PydanticDeprecatedSince20: Support for class-based `config` is deprecated, use ConfigDict instead. Deprecated in Pydantic V2.0 to be removed in V3.0. See Pydantic V2 Migration Guide at https://errors.pydantic.dev/2.9/migration/
    warnings.warn(DEPRECATION_MESSAGE, DeprecationWarning)

C:\Python312\Lib\site-packages\pydantic\_internal\_fields.py:132
  C:\Python312\Lib\site-packages\pydantic\_internal\_fields.py:132: UserWarning: Field "model_type" in AISystemOut has conflict with protected namespace "model_".
  
  You may be able to resolve this warning by setting `model_config['protected_namespaces'] = ()`.
    warnings.warn(

-- Docs: https://docs.pytest.org/en/stable/how-to/capture-warnings.html
======================== 9 passed, 9 warnings in 1.69s ========================
